# A0 派工 Phase B 執行 log — 2026-07-12

> A0 Phase B：Investment OS 全角色價值走查 + 半導體修正案例覆盤 + 通知管道評估
> 執行時間：2026-07-12 下午
> 紅線：不下單、不給個股買賣建議；所有建議設計為「Owner 規則觸發 → 三選項通知」

---

## 一、第一性思考結論（量尺已寫入 projects/investment-os-value-definition.md）

Investment OS 存在的唯一理由：**讓 Owner 每天回答 5 個問題的速度從 30 分鐘 → 3 分鐘**

五大核心交付：
1. 今日可動性判斷（今天能不能動）
2. 風控閘門狀態（集中度/槓桿/現金）
3. 世界觀錨定（正在驗證的終局假設 1-2 個）
4. 訊號新鮮度保證（過期不上 Owner 介面）
5. Owner 決策紀錄（觀察/等待/排除都算決策）

四層篩選框架：世界觀 → 左側 → 右側 → 風控
所有角色評分基準：服務以上 5 大交付的程度（1-5 星）

---

## 二、全角色走查（17 個角色 × 量尺評分）

### 評分標準
- ⭐⭐⭐⭐⭐ 直接服務可動性/風控閘門（必須保留且優先修復）
- ⭐⭐⭐⭐ 服務世界觀或決策品質（保留）
- ⭐⭐⭐ 訊號來源/研究輔助（保留，可降頻）
- ⭐⭐ 基礎設施或低信訊號（保留，不加功能）
- ⭐ 間接貢獻（維持現狀）

### 角色走查表

| 角色 | 主要產出 | 服務五大項目 | 投資者決策價值 | 現況問題 | 判定 |
|------|---------|------------|-------------|---------|------|
| **IOS-SENTINEL** | 技術三重賣出警示（MA死叉+MACD轉負+RSI<50同時觸發） | #2 風控閘門 | ⭐⭐⭐⭐⭐ | 邏輯正確，半導體修正是最直接適用場景 | **保留（最高優先）** |
| **IOS-INVENTORY** | 持倉風控卡 + 持倉研究新鮮度 | #2 風控閘門 + #4 新鮮度 | ⭐⭐⭐⭐⭐ | Broker snapshot 若 stale 不可用；上次 Firstrade 快照 2026-07-01 | **保留（最高優先）** |
| **IOS-MACRO** | ABCD 制度判斷 + 現金/配比建議 | #1 可動性 + #3 世界觀 | ⭐⭐⭐⭐ | FRED API key 未設定（pitfall #184），總經資料靜默過期 | **保留（修復 FRED API 前置）** |
| **IOS-CHIP** | 外資/投信/自營商每日籌碼簡報 | #1 可動性 + #2 風控 | ⭐⭐⭐⭐ | 籌碼是半導體修正最直接的前置訊號（法人賣超） | **保留（優先維持）** |
| **IOS-HEDGE** | 盤後對沖/壓縮弱勢部位 | #2 風控閘門 + #5 決策紀錄 | ⭐⭐⭐⭐ | 半導體修正期間：降部位/對沖的研究輸入 | **保留（新增規則引擎對接）** |
| **IOS-MOMENTUM** | 每日動能 PM Brief + Top 3 研究 + 股期戰術 | #1 可動性 | ⭐⭐⭐ | 功能審計標注「決策資訊幻覺」風險：registry 宣稱存在，但找不到近期輸出 | **保留（必須修復輸出驗證）** |
| **IOS-RIGHT** | 右側行動候選（Stage/位階/追高風險） | #1 可動性 | ⭐⭐⭐ | 最後報告 2026-05-19（距今 ~54 天停更）—— 資料斷供 | **保留（修復優先，等級同 LEFT）** |
| **IOS-LEFT** | 左側觀察候選 + 預期差分析 | #3 世界觀 + #1 可動性 | ⭐⭐⭐ | 最後報告 2026-05-23（距今 ~49 天停更）—— 資料斷供 | **保留（修復優先）** |
| **IOS-SIM** | 模擬倉生命週期 + D+ 追蹤 | #5 決策紀錄 | ⭐⭐⭐ | 語意邊界清晰（純本地帳本，不碰券商）；Evolution Channel 待接正式 DB | **保留** |
| **IOS-BLACKSWAN** | 跨資產風險升級（VIX/油/10Y/DXY/期貨） | #2 風控閘門 | ⭐⭐⭐ | 偵測黑天鵝型系統風險；半導體修正屬「行業型」非「跨資產型」→ 本角色不會觸發 | **保留（補充行業集中度觸發路徑）** |
| **IOS-ALPHA** | 跨來源事件共振卡（Reddit/RSS/X/Polymarket） | #3 世界觀 | ⭐⭐ | shadow_findings.jsonl 自 2026-06-02 斷供（convergence-engine JSON 解析失敗 ValueError: no JSON object） | **保留（修復供料 = 解除最長斷點）** |
| **IOS-EVIDENCE** | 事實/推論/缺資料分層 + 來源等級 | #4 新鮮度 | ⭐⭐⭐ | 品管角色，間接高價值；ai-hermes-roundtable / shadow-learning-v4 運行狀態需查 | **保留（品管層）** |
| **IOS-FAMILY** | 槓桿 ETF / 0050 家族基金計劃 | #2 風控（0050 曝險） | ⭐⭐ | 範圍獨立（不與主帳混），半導體修正對 0050 有間接影響 | **保留（獨立範圍，不加功能）** |
| **IOS-KOL** | YouTube/Podcast 操作筆記 + 摘要 | #3 世界觀（低信等級） | ⭐⭐ | 社群/KOL 傳聞只能是 quarantine 來源；最終仍需獨立驗證 | **保留（降級：radar_only，非主攻訊號）** |
| **IOS-FB** | FB 社群情報整理 + 候選清單 | noise filter | ⭐ | 高雜訊、低信；Anti-scam/課程/個人動態必須過濾 | **保留（低頻，quarantine-first）** |
| **IOS-SURFACE** | Telegram/Dashboard 介面品管 | 基礎設施 | ⭐（間接） | 跨策略共用渲染器，不直接服務投資決策 | **保留（不擴功能，維持基礎設施）** |
| **IOS-HYGIENE** | 系統清理/骯髒 worktree 管理 | 基礎設施 | ⭐（間接） | 系統健康層，非投資決策層 | **保留（不擴功能，維持基礎設施）** |

### 最大系統缺口（需新建，現有 20 個輸出皆未涵蓋）

**IOS-THESIS（終局假設管理員）—— 四層篩選第一層，完全空白**

- 現況：20 個角色無一服務「世界觀/終局資格」層（功能審計 2026-07-07 確認）
- 設計：每季 1 份 thesis registry（非日報）；每個假設有「產業終局敘事 + 證實條件 + 證偽條件 + 目前訊號進度」
- 範例：`AI infra 算力周期（2025-2027）：證實 = GPU shipment 連 3 季 YoY+50%；證偽 = AI 模型架構轉為高效輕量且市場降本壓力使 hyperscaler capex 轉向`
- 不是日報，每季一次，不佔日報注意力
- 建議 B1 建立 `projects/investment-os-thesis-registry.md`（Owner 填寫 + B1 維護）

---

## 三、半導體修正案例覆盤（2026-07）

> 資料邊界聲明：本次覆盤使用系統內已有資料（exposure_ledger / pitfalls / 功能審計）。
> 市場即時行情資料（7月半導體指數走勢）未注入，標示為資料缺口。

### 3a. 事前：哪些訊號理論上能提前示警

| 訊號維度 | 理論上能示警 | 實際有沒有發 | 原因 |
|---------|------------|------------|------|
| **集中度警示** | ✅ 82.7% US tech/semi CRITICAL 觸發（門檻設定後） | ⚠️ 部分發出：exposure_ledger 2026-07-01 已標 CRITICAL，但沒有「三選項通知」路徑 | 閘門存在但無法完成閉環通知 |
| **廣度惡化** | ✅ IOS-LEFT 若在跑，可看半導體漲停榜縮小 | ❌ 未發出：IOS-LEFT 最後報告 2026-05-23，修正前 ~49 天停更 | 資料斷供 |
| **籌碼鬆動** | ✅ IOS-CHIP 可偵測外資連日賣超半導體 | ❌ 狀態不明：IOS-CHIP 背景 job 是否仍在跑、結果是否上 Telegram，未查到近期輸出 | 資料斷供待查 |
| **新聞密度** | ✅ IOS-ALPHA 可偵測半導體相關新聞密度上升 | ❌ 未發出：shadow_findings.jsonl 自 2026-06-02 斷供 | convergence-engine JSON 解析失敗 |
| **技術指標** | ✅ IOS-SENTINEL 50MA/200MA死叉 + MACD + RSI | ❌ 狀態未知：SENTINEL 06:30 每日跑，但若持倉技術指標尚未達三重觸發，則合理不發 | 合理靜默（非缺陷） |

**關鍵結論**：唯一確實留下紀錄的警告是 exposure_ledger 的「82.7% CRITICAL」標記（2026-07-01）。其他維度（廣度/籌碼/新聞密度）因系統停擺或供料斷供而未能觸發。功能存在，但資料管道斷鏈。

**根本問題**：系統缺少「集中度已 CRITICAL + 系統資料大量停擺 → 自動觸發 Owner 警示」的聯動機制。

### 3b. 事中：系統能支援哪些動態調整

| 調整類型 | 系統能支援？ | 備註 |
|---------|-----------|------|
| 曝險再平衡提示 | ✅ IOS-HEDGE + IOS-INVENTORY 能計算 | 需 broker snapshot 新鮮（Firstrade 快照 2026-07-01） |
| 風險預算觸發 | ✅ exposure_ledger SOP 4條（2026-06-29 接線） | 邏輯已建，觸發條件是否映射到通知未確認 |
| 槓桿降低建議 | ✅ Firstrade 帳可計算減碼路徑 | Path A=戶內減碼（即時）；Path B=跨境匯款（2-5工作日） |
| Beta overlay 研究 | ✅ IOS-HEDGE 有 beta proxy 框架 | 只能研究，不能代 Owner 執行 |

### 3c. 規則引擎：「要不要建議降部位」

以下 5 條規則草稿供 Owner 核准後才實裝。所有規則觸發格式統一為「三選項通知」，決策永遠在 Owner。

**Rule R-01 — 集中度+技術面雙觸發**
- 觸發條件：US tech/semi 曝險 > `[threshold_A]`% AND IOS-SENTINEL 任兩個指標同時轉負
- 通知格式：
  ```
  ⚠️ 曝險警示 [R-01]
  US tech/semi 曝險 XX%（門檻 [threshold_A]%）
  技術指標：[轉負的指標]

  選項：
  A) 降部位 5-10%（指定帳戶/標的）
  B) 研究對沖工具（IOS-HEDGE 輸出加入今日研究包）
  C) 觀察，下週 [日期] 重新觸發

  後果說明：選 A 降低曝險但實現部分損益；選 B 成本較高；選 C 在 [日期] 前若繼續惡化警示不再靜默
  ```
- Owner 需設定 `threshold_A`（建議 60%）

**Rule R-02 — 槓桿+制度雙觸發**
- 觸發條件：Firstrade 槓桿 > 1.8x AND IOS-MACRO 制度由 B 轉 C 或 C 轉 D
- 通知格式：
  ```
  ⚠️ 槓桿警示 [R-02]
  Firstrade 槓桿 X.Xx（門檻 1.8x）
  當前制度：[制度名稱] + 原因

  選項：
  A) 降槓桿至安全水位（計算減碼金額）
  B) 補現金緩衝（跨境匯款 Path B 預備，2-5工作日）
  C) 靜觀+加強監控（14天後重新觸發）
  ```

**Rule R-03 — 籌碼連續賣超**
- 觸發條件：外資連續 3 個交易日賣超半導體相關個股/ETF AND IOS-LEFT 廣度指標下降
- 通知格式：
  ```
  📊 籌碼警示 [R-03]
  外資連 3 日賣超：[標的列表] [各日金額]
  廣度指標：[當前值 vs 週前值]

  選項：
  A) 觀察（等確認趨勢）
  B) 降 1 碼部位
  C) 保持，追蹤至 [日期]
  ```

**Rule R-04 — 1R 止損線**
- 觸發條件：任一持倉現價 < 進場均價 × (1 - 1R%)
- 通知格式：
  ```
  🔴 止損警示 [R-04]
  [標的] 達 1R 止損線
  進場：$X.XX → 現價：$Y.YY（-Z.Z%）

  選項：
  A) 執行止損（計算到帳金額）
  B) 縮手觀察（填理由，14天後不再靜默）
  C) 繼續持有（填 thesis 更新）
  ```

**Rule R-05 — 急性回撤警示**
- 觸發條件：任一帳戶近 30 天淨值下滑 > 15%
- 通知格式：
  ```
  🚨 急性警示 [R-05] — 請立即查看
  [帳戶名] 近 30 天淨值 -YY%
  目前淨值：$Z

  建議立即執行：確認帳戶狀態 + 決定 R-01/R-02 是否已觸發
  ```

**Owner 核准清單**（5 條規則 4 個參數需 Owner 決定）：
- `threshold_A`（R-01 集中度門檻，建議 60%）
- `leverage_threshold`（R-02 槓桿門檻，建議 1.8x）
- `1R_pct`（R-04 止損百分比，Owner 填）
- `drawdown_30d_pct`（R-05 急性警示門檻，建議 15%）

---

## 四、通知管道評估

### 現況

Telegram push：所有警示、日報、摘要全部在 Telegram，Owner 需主動開 Telegram 查看。

**問題**：
1. 高頻 Telegram 訊息 → Owner 訓練忽略
2. 緊急警示（如 R-01 觸發）和日報、閒聊混在一起
3. 「面板」只有地端 Streamlit，Owner 出門不易存取

### 設計方案（三管齊下）

#### 方案 A：Telegram 維持（現有，0 成本）
- 日報/閒聊繼續走 Telegram
- 規則引擎警示（R-01 to R-05）加「🚨 [緊急]」前綴，與一般訊息視覺區分
- 成本：改 2 行 telegram_notify.py

#### 方案 B：Dashboard 首頁 Investment OS tab（中期，~4h B1）
- 在現有 Streamlit 8 個分頁外，新增「💡 Investment OS 首頁」tab
- 首屏顯示：5 大項目狀態卡（可動性/風控閘門/世界觀/新鮮度/決策紀錄）
- 色彩碼：🟢 正常 / 🟡 注意 / 🔴 警示
- 本輪只做原型，不啟用，等 Owner 核准

#### 方案 C：事件觸發 Mail（重要警示，建議優先實作）
- 觸發時機：R-01 to R-05 任一規則觸發 → 立即寄 mail
- 收件人：pagewu1010@gmail.com
- 方式：Google Gmail API（現有 OAuth token）或 SMTP App Password
- Subject 格式：`[Investment OS 警示] R-01 觸發 — 半導體曝險 82.7%，請選擇行動`
- Body：規則通知格式（三選項）

**不做每日定時 mail**：避免 Owner 訓練忽略（同 Telegram 問題）

#### 實作評估

| 方案 | 實作成本 | Owner 操作成本 | 建議優先順序 |
|------|---------|--------------|------------|
| A：Telegram 前綴分類 | ~30min | 0 | 第一步（立即做） |
| C：規則觸發 Mail | ~2-4h B1 | Google App Password 或 OAuth 授權 | 第二步（規則引擎確認後） |
| B：Dashboard 首頁 tab | ~4h B1 | 地端需開 Streamlit | 第三步（等 A+C 驗證後） |

**技術前置確認**（B1 實作前需確認）：
- Gmail 寄件：確認 `skills/credentials/google-token.md` 是否有 gmail.send scope；若無，需要 Owner 重新授權增加 scope，或建立 App Password
- 規則引擎：5 條規則實裝前需 Owner 確認 4 個參數門檻

---

## 五、結論摘要

### 修正了什麼判斷

「Investment OS 有 20 個輸出，很完整」→ **錯誤**

正確判斷：
- 直接服務投資決策的只有 4-5 個角色（SENTINEL / INVENTORY / MACRO / CHIP / HEDGE）
- 其他 12 個角色是基礎設施、研究輔助、或低信訊號，不在決策主路徑上
- 最大空白：四層篩選第一層（世界觀/終局框架）完全缺席，導致系統只能追逐事件

### 系統修復優先排序

| 優先 | 任務 | 解鎖什麼 |
|------|------|---------|
| P1 | 修復 shadow_findings.jsonl 供料（convergence-engine JSON 解析） | IOS-ALPHA 恢復、新聞密度偵測恢復 |
| P1 | 確認 IOS-CHIP 每日輸出是否真的有上 Telegram | 籌碼維度確認（最重要前置訊號） |
| P2 | 修復 FRED API key（pitfall #184） | IOS-MACRO 資料可信 |
| P2 | IOS-LEFT / IOS-RIGHT 停擺根因（49/54 天） | 廣度/右側訊號恢復 |
| P3 | 5 條規則引擎 Owner 核准（4 個參數門檻） | 降部位/對沖通知路徑完成 |
| P3 | 建立 IOS-THESIS（終局假設管理員） | 四層篩選第一層補齊 |
| P4 | Mail 通知原型（規則觸發 mail） | Owner 出門也能收到警示 |

### Owner 5 分鐘可做的事（Investment OS 範圍）

1. 確認 R-01 到 R-05 的 4 個參數門檻（建議值已列在上方）→ 規則引擎才能實裝
2. 確認外送費級距（非 Investment OS，是 A5/A7 的 MAPLAB 任務）

---

## 六、未解決的問題（等 Owner 決策）

| 問題 | 原因 | 建議行動 |
|------|------|---------|
| IOS-CHIP 是否每日在產出 Telegram？ | 本次未直接查 Telegram 歷史 | B4 下次巡查確認 |
| IOS-MOMENTUM 真實輸出在哪？ | 功能審計說找不到近期輸出 | B1 查 Telegram message log |
| Gmail send scope 是否可用？ | 未確認 google-token.md scope | B1 查 `skills/credentials/google-token.md` |
| IOS-LEFT/RIGHT 停擺根因？ | 49/54天無輸出，job 是否還在跑？ | B4 確認 launchd job 狀態 |

---

*執行者：A0/A1 | 完成時間：2026-07-12 | 參考：projects/investment-os-value-definition.md | 下一步：見 state/a0_delegate_20260712_report.md 例會格式*
